C:\Users\wangzigan\AppData\Roaming\Python\Python311\site-packages\pandas\core\arrays\masked.py:60: UserWarning: Pandas requires version '1.3.6' or newer of 'bottleneck' (version '1.3.5' currently installed).
  from pandas.core import (
[example] genes shared by the 3 fold panels: 601
[example] Y=(812, 100)  P=(812, 100)  counts=(812, 100)  sections=['A1', 'B1', 'C1']
[stnull] section A1 (n=345)
[stnull] section B1 (n=293)
[stnull] section C1 (n=174)
[stnull] done: 3 sections, 812 spots, 100 genes

model median r = 0.1051
  vs strongest zero-pixel null (depth_comp_null) = 0.3169
  model beats that null in 0/3 (0%) of sections
------------------------------------------------------------------------
stnull 0.3.0 | space=log1p_cp10k:panel | 812 spots x 100 genes x 3 sections | seed=0
perm=perm_block x200 | boot x200 | null_fit=cv_within_section | depth_proxy=observed

[1] HEADLINE
    median-of-genes : 0.1051  [perm_block floor 0.0319]  CI[0.0311,0.1086]  n=812/100  (ci_kind=section; perm med=-0.0014 max=0.0549 nperm=200)
    mean-of-genes   : 0.1115  [perm_block floor 0.0316]  CI[0.0532,0.1139]  n=812/100  (mean over genes; ci_kind=section; perm med=0.0007 max=0.0594 nperm=200)
[2] DEPTH
    depth_null      : 0.3029  [perm_block floor 0.0686]  CI[0.1744,0.4135]  n=812/100  (zero pixels: one scalar (log lib) per spot; ci_kind=section; perm med=-0.0044 max=0.1270 nperm=200)
    depth_1d(img)   : n/a  [no floor]  CI[n/a]  n=812/0  <na>  (depth_proxy='observed': l_hat IS the measured log library size, so this readout is fixed by construction and says nothing about the model. Pass lib_pred= or depth_proxy='from_pred' to measure the depth the model itself carries.)
    DG (ctrl depth) : 0.0288  [perm_block floor 0.0223]  CI[-0.0294,0.0304]  n=812/100  (ci_kind=section; perm med=-0.0003 max=0.0487 nperm=200)
    share of r from depth : 0.7350
    corr(l_hat, log lib)  : n/a  [no floor]  CI[n/a]  n=812/0  <na>  (depth_proxy='observed': l_hat IS the measured log library size, so this readout is fixed by construction and says nothing about the model. Pass lib_pred= or depth_proxy='from_pred' to measure the depth the model itself carries.)
[3] COMPOSITION (7 classes)
    cross null      : 0.1229  [perm_block floor 0.0727]  CI[0.1018,0.2451]  n=812/100  (class means, cv_within_section; ci_kind=section; perm med=-0.0164 max=0.1325 nperm=200)
    oracle null     : 0.2397  [perm_block floor 0.0704]  CI[0.2288,0.3027]  n=812/100  (UPPER_BOUND: class means read off the scored section; not eligible to be the strongest null; ci_kind=section; perm med=-0.0180 max=0.1385 nperm=200) <UPPER_BOUND>
    CRG (ctrl comp) : 0.0435  [perm_block floor 0.0222]  CI[-0.0010,0.0863]  n=812/100  (ci_kind=section; perm med=0.0006 max=0.0390 nperm=200)
[4] SPATIAL
    r_nbr (true-y smoothing, no pixels) : 0.2020  [perm_block floor 0.0520]  CI[0.1359,0.3201]  n=812/100  (mean of the neighbours' TRUE y; the image is never used; ci_kind=section; perm med=-0.0241 max=0.1133 nperm=200)
    nbr beats model in 3/3 (100%) of sections
    lever: smoothing the ground truth   : 0.0205
    Moran's I of model residual         : 0.1221
[5] SELECTION AND LEVERS
    test-selected top-10   : 0.3491  [perm_selection floor 0.2336]  CI[0.2244,0.4224]  n=812/10  (genes ranked by r ON THE TEST SET; ci_kind=section; perm med=0.1544 max=0.2767 nperm=200)
    test-selected top-50   : 0.2021  [perm_selection floor 0.1124]  CI[0.1160,0.2623]  n=812/50  (genes ranked by r ON THE TEST SET; ci_kind=section; perm med=0.0587 max=0.1520 nperm=200)
[6] CEILING (split_half_full)
    r_tech          : 0.6649  [perm_free floor 0.1262]  CI[0.5386,0.6728]  n=812/100  (split_half_full; ci_kind=section; perm med=0.0221 max=0.1809 nperm=50)
    r / r_tech      : 0.1581
[7] ATTRIBUTION LADDER (across-section median)
    r_full  : 0.1051
    dg      : 0.0288
    crg     : 0.0435
    drg     : 0.0037
[9] DEGRADATION LEDGER
    - no is_train -> nulls are cross-fitted within section (null_fit=cv_within_section), which can be slightly optimistic relative to a train-only fit; only test-selected top-N readouts are shown

This report evaluates THESE PREDICTIONS, not the information content of H&E.

[example] wrote D:\project\STImage\stnull\examples\out
